mode: set
github.com/DavidXArnold/marlin/internal/privilege/privilege.go:18.48,24.3 5 0
github.com/DavidXArnold/marlin/internal/privilege/privilege.go:25.52,31.3 5 0
github.com/DavidXArnold/marlin/internal/privilege/privilege.go:37.20,38.19 1 1
github.com/DavidXArnold/marlin/internal/privilege/privilege.go:38.19,40.3 1 1
github.com/DavidXArnold/marlin/internal/privilege/privilege.go:41.2,41.78 1 1
github.com/DavidXArnold/marlin/internal/privilege/privilege.go:41.78,45.3 3 1
github.com/DavidXArnold/marlin/internal/privilege/privilege.go:46.2,46.11 1 1
github.com/DavidXArnold/marlin/internal/privilege/privilege.go:51.33,52.19 1 1
github.com/DavidXArnold/marlin/internal/privilege/privilege.go:52.19,54.3 1 1
github.com/DavidXArnold/marlin/internal/privilege/privilege.go:56.2,57.6 2 1
github.com/DavidXArnold/marlin/internal/privilege/privilege.go:57.6,59.17 2 1
github.com/DavidXArnold/marlin/internal/privilege/privilege.go:59.17,60.21 1 1
github.com/DavidXArnold/marlin/internal/privilege/privilege.go:60.21,62.13 2 0
github.com/DavidXArnold/marlin/internal/privilege/privilege.go:64.4,65.18 2 1
github.com/DavidXArnold/marlin/internal/privilege/privilege.go:65.18,67.5 1 1
github.com/DavidXArnold/marlin/internal/privilege/privilege.go:68.4,70.16 3 1
github.com/DavidXArnold/marlin/internal/privilege/privilege.go:72.3,73.22 2 1
github.com/DavidXArnold/marlin/internal/privilege/privilege.go:73.22,75.4 1 0
github.com/DavidXArnold/marlin/internal/privilege/privilege.go:76.3,76.17 1 1
github.com/DavidXArnold/marlin/internal/privilege/privilege.go:82.59,83.62 1 1
github.com/DavidXArnold/marlin/internal/privilege/privilege.go:83.62,85.3 1 1
github.com/DavidXArnold/marlin/internal/privilege/privilege.go:86.2,86.47 1 1
github.com/DavidXArnold/marlin/internal/privilege/privilege.go:86.47,88.3 1 1
github.com/DavidXArnold/marlin/internal/privilege/privilege.go:89.2,89.12 1 1
github.com/DavidXArnold/marlin/internal/privilege/privilege.go:96.83,97.21 1 1
github.com/DavidXArnold/marlin/internal/privilege/privilege.go:97.21,98.49 1 1
github.com/DavidXArnold/marlin/internal/privilege/privilege.go:98.49,100.4 1 0
github.com/DavidXArnold/marlin/internal/privilege/privilege.go:101.3,101.57 1 1
github.com/DavidXArnold/marlin/internal/privilege/privilege.go:101.57,103.4 1 0
github.com/DavidXArnold/marlin/internal/privilege/privilege.go:104.3,104.19 1 1
github.com/DavidXArnold/marlin/internal/privilege/privilege.go:106.2,111.38 6 1
github.com/DavidXArnold/marlin/internal/privilege/privilege.go:111.38,114.3 2 1
github.com/DavidXArnold/marlin/internal/privilege/privilege.go:115.2,115.57 1 1
github.com/DavidXArnold/marlin/internal/privilege/privilege.go:115.57,117.3 1 1
github.com/DavidXArnold/marlin/internal/privilege/privilege.go:118.2,118.18 1 1
github.com/DavidXArnold/marlin/internal/privilege/privilege.go:123.55,124.21 1 0
github.com/DavidXArnold/marlin/internal/privilege/privilege.go:124.21,126.3 1 0
github.com/DavidXArnold/marlin/internal/privilege/privilege.go:127.2,131.64 5 0
github.com/DavidXArnold/marlin/internal/privilege/privilege.go:131.64,134.3 2 0
github.com/DavidXArnold/marlin/internal/privilege/privilege.go:135.2,135.46 1 0
github.com/DavidXArnold/marlin/internal/privilege/privilege.go:140.54,141.40 1 1
github.com/DavidXArnold/marlin/internal/privilege/privilege.go:141.40,143.3 1 1
github.com/DavidXArnold/marlin/internal/privilege/privilege.go:143.8,143.34 1 1
github.com/DavidXArnold/marlin/internal/privilege/privilege.go:143.34,145.3 1 1
github.com/DavidXArnold/marlin/internal/privilege/privilege.go:146.2,150.64 5 1
github.com/DavidXArnold/marlin/internal/privilege/privilege.go:150.64,153.3 2 1
github.com/DavidXArnold/marlin/internal/privilege/privilege.go:154.2,154.38 1 1
github.com/DavidXArnold/marlin/internal/privilege/privilege.go:160.59,162.16 2 1
github.com/DavidXArnold/marlin/internal/privilege/privilege.go:162.16,164.3 1 1
github.com/DavidXArnold/marlin/internal/privilege/privilege.go:165.2,165.27 1 1
github.com/DavidXArnold/marlin/internal/privilege/privilege.go:165.27,167.3 1 0
github.com/DavidXArnold/marlin/internal/privilege/privilege.go:168.2,172.64 5 1
github.com/DavidXArnold/marlin/internal/privilege/privilege.go:172.64,175.3 2 1
github.com/DavidXArnold/marlin/internal/privilege/privilege.go:176.2,176.49 1 1
github.com/DavidXArnold/marlin/internal/privilege/privilege.go:181.47,182.62 1 1
github.com/DavidXArnold/marlin/internal/privilege/privilege.go:182.62,184.3 1 0
github.com/DavidXArnold/marlin/internal/privilege/privilege.go:185.2,187.45 3 1
github.com/DavidXArnold/marlin/internal/privilege/privilege.go:187.45,189.3 1 1
github.com/DavidXArnold/marlin/internal/privilege/privilege.go:190.2,190.44 1 1
github.com/DavidXArnold/marlin/internal/privilege/privilege.go:190.44,193.3 2 0
github.com/DavidXArnold/marlin/internal/privilege/privilege.go:194.2,194.12 1 1
github.com/DavidXArnold/marlin/internal/privilege/privilege.go:201.57,202.28 1 1
github.com/DavidXArnold/marlin/internal/privilege/privilege.go:202.28,204.3 1 1
github.com/DavidXArnold/marlin/internal/privilege/privilege.go:205.2,211.38 6 1
github.com/DavidXArnold/marlin/internal/privilege/privilege.go:211.38,215.3 3 1
github.com/DavidXArnold/marlin/internal/privilege/privilege.go:216.2,216.78 1 1
github.com/DavidXArnold/marlin/internal/privilege/privilege.go:216.78,220.3 3 1
github.com/DavidXArnold/marlin/internal/privilege/privilege.go:221.2,221.11 1 1
